---
source: src/tui/tests/snapshots.rs
expression: rendered
---
                                                                                                                  🔕  [N]
        ▸ BACKLOG 1 [ ]                ◦ RUNNING 0                   ◦ REVIEW 0                      ◦ DONE 0
──────────────────────────────│───────────────────────────│──────────────────────────────│──────────────────────────────
 ╭──────────────────────────╮ │                           │                              │
 │  ▎ #10 My Feature        │ │                           │                              │
 │    ●1 unplanned          │ │                           │                              │
 ╰──────────────────────────╯ │                           │                              │
                              │                           │                              │
                              │                           │                              │
                              │                           │                              │
                              │                           │                              │
                              │                           │                              │
                              │                           │                              │
                              │                           │                              │
                              │                           │                              │
                              │                           │                              │
                              │                           │                              │
                              │                           │                              │
                              │                           │                              │
                              │                           │                              │
                              │                           │                              │
                              │                           │                              │
                              │                           │                              │
                              │                           │                              │
                              │                           │                              │
                              │                           │                              │
                              │                           │                              │
                              │                           │                              │
                              │                           │                              │
                              │                           │                              │
                              │                           │                              │
                              │                           │                              │
                              │                           │                              │
                              │                           │                              │
                              │                           │                              │
                              │                           │                              │
                              │                           │                              │
                              │                           │                              │
                              │                           │                              │
[flat] [Space] enter  [Enter] detail  [e]dit  [L] status →  [H] status ←  [x] delete  [a] select all  [n]ew  [E]pic  [D]
