---
source: src/tui/tests/snapshots.rs
expression: terminal.backend().to_string()
---
"                                                                                                                  🔕 [N]" Hidden by multi-width symbols: [(115, " ")]
"        ▸ backlog 0 [ ]                 ◦ running 0                   ◦ review 0                     ◦ done 0           "
"──────────────────────────────│───────────────────────────│──────────────────────────────│──────────────────────────────"
"                              │                           │                              │                              "
"                              │                           │                              │                              "
"                              │                           │                              │                              "
"                  ╭ TODO (3 open) ───────────────────────────────────────────────────────────────────╮                  "
"                  │▢ Linked to task  [task #42]                                                      │                  "
"                  │▢ Linked to epic  [epic #7]                                                       │                  "
"                  │▢ Unlinked todo                                                                   │                  "
"                  │                                                                                  │                  "
"                  │                                                                                  │                  "
"                  │                                                                                  │                  "
"                  │                                                                                  │                  "
"                  │                                                                                  │                  "
"                  │                                                                                  │                  "
"                  │                                                                                  │                  "
"                  │                                                                                  │                  "
"                  │                                                                                  │                  "
"                  │                                                                                  │                  "
"                  │                                                                                  │                  "
"                  │                                                                                  │                  "
"                  │                                                                                  │                  "
"                  │                                                                                  │                  "
"                  │                                                                                  │                  "
"                  │                                                                                  │                  "
"                  │                                                                                  │                  "
"                  │                                                                                  │                  "
"                  │                                                                                  │                  "
"                  │                                                                                  │                  "
"                  │                                                                                  │                  "
"──────────────────│                                                                                  │──────────────────"
"                  │ a add · space done · J/K order · Tab nest · S-Tab unnest · e edit · L link · U un│                  "
"                  ╰──────────────────────────────────────────────────────────────────────────────────╯                  "
"                                                                                                                        "
"                                                                                                                        "
"                                                                                                                        "
"                                                                                                                        "
"                                                                                                                        "
"[a] select all  [n]ew  [E]pic  [D] quick  [s]plit  [F]lat  [f]ilter  [/] search  [I] learnings  [P] todo  [t] add  [?] h"
