---
source: src/tui/tests/snapshots.rs
expression: rendered
---
                                                                                                                  🔕  [N]
        ▸ backlog 1 [ ]                 ◦ running 0                   ◦ review 0                     ◦ done 0
──────────────────────────────│───────────────────────────│──────────────────────────────│──────────────────────────────
──────────────────────────────│                           │                              │
  ▌ #10 My Feature            │                           │                              │
    no subtasks               │                           │                              │
──────────────────────────────│                           │                              │
                              │                           │                              │
                              │                           │                              │
                              │                           │                              │
                              │                           │                              │
                              │                           │                              │
                              │                           │                              │
                              │                           │                              │
                              │                           │                              │
                              │                           │                              │
                              │                           │                              │
                              │                           │                              │
                              │                           │                              │
                              │                           │                              │
                              │                           │                              │
                              │                           │                              │
                              │                           │                              │
                              │                           │                              │
                              │                           │                              │
                              │                           │                              │
                              │                           │                              │
                              │                           │                              │
                              │                           │                              │
                              │                           │                              │
                              │                           │                              │
────────────────────────────────────────────────────────────────────────────────────────────────────────────────────────







[flat] [d] plan  [g] board  [Enter] detail  [e]dit  [W]rap up  [U] auto dispatch  [L] status →  [H] status ←  [x] archiv
