---
source: src/tui/tests/snapshots.rs
expression: rendered
---
                                                                                                                  🔕  [N]
        ▸ backlog 3 [ ]                 ◦ running 0                   ◦ review 0                     ◦ done 0
──────────────────────────────╭ Move task: "Task 1" ─────────────────────────────────────╮──────────────────────────────
──────────────────────────────│  — no parent —                                           │
  ▌ #1 Task 1                 │  Platform                                                │
   ◦ <1h                      │  Backend                                                 │
──────────────────────────────│                                                          │
  ▎ #10 Platform              │                                                          │
    no subtasks               │                                                          │
──────────────────────────────│                                                          │
  ▎ #20 Backend               │                                                          │
    no subtasks               │                                                          │
──────────────────────────────│                                                          │
                              │                                                          │
                              │                                                          │
                              │                                                          │
                              │                                                          │
                              │                                                          │
                              │                                                          │
                              │                                                          │
                              │                                                          │
                              │                                                          │
                              │                                                          │
                              │                                                          │
                              │                                                          │
                              │                                                          │
                              │                                                          │
                              │                                                          │
                              │                                                          │
                              │                                                          │
                              │                                                          │
──────────────────────────────│                                                          │──────────────────────────────
                              │                                                          │
                              │                                                          │
                              │                                                          │
                              │                                                          │
                              │ j/k:navigate  l/Space/→:expand  h/←:collapse  Enter:selec│
                              ╰──────────────────────────────────────────────────────────╯

Select target epic: navigate tree above, Enter to select
