---
source: src/tui/tests/snapshots.rs
expression: rendered
---
[Default]   ▸ Tasks  │  My Feed  │  Another Feed                                                                  🔕  [N]
        ▸ backlog 2 [ ]                 ◦ running 0                   ◦ review 0                     ◦ done 0
──────────────────────────────│───────────────────────────│──────────────────────────────│──────────────────────────────
──────────────────────────────│                           │                              │
  ▌ #1 My Feed                │                           │                              │
    no subtasks               │                           │                              │
──────────────────────────────│                           │                              │
  ▎ #2 Another Feed           │                           │                              │
    no subtasks               │                           │                              │
──────────────────────────────│                           │                              │
                              │                           │                              │
                              │                           │                              │
                              │                           │                              │
                              │                           │                              │
                              │                           │                              │
                              │                           │                              │
                              │                           │                              │
                              │                           │                              │
                              │                           │                              │
                              │                           │                              │
                              │                           │                              │
                              │                           │                              │
                              │                           │                              │
                              │                           │                              │
                              │                           │                              │
                              │                           │                              │
                              │                           │                              │
                              │                           │                              │
                              │                           │                              │
                              │                           │                              │
                              │                           │                              │
────────────────────────────────────────────────────────────────────────────────────────────────────────────────────────







[d] plan  [g] board  [G] session  [Enter] detail  [e]dit  [W]rap up  [U] auto dispatch  [L] status →  [H] status ←  [x]
