---
source: src/tui/tests/snapshots.rs
expression: rendered
---
┌ Task #1 ─────────────────────────────────────────────────────────────────────────────────────────────────────────────┐
│Repo:  /repo/my-project                                                                                               │
│──────────────────────────────────────────────────────────────────────────────────────────────────────────────────────│
│First line of description.                                                                                            │
│Second line.                                                                                                          │
│Third line.                                                                                                           │
│                                                                                                                      │
│                                                                                                                      │
│                                                                                                                      │
│                                                                                                                      │
│                                                                                                                      │
│                                                                                                                      │
│                                                                                                                      │
│                                                                                                                      │
│                                                                                                                      │
│                                                                                                                      │
│                                                                                                                      │
│                                                                                                                      │
│                                                                                                                      │
│                                                                                                                      │
│                                                                                                                      │
│                                                                                                                      │
│                                                                                                                      │
│                                                                                                                      │
│                                                                                                                      │
│                                                                                                                      │
│                                                                                                                      │
│                                                                                                                      │
│                                                                                                                      │
│                                                                                                                      │
│                                                                                                                      │
│                                                                                                                      │
│                                                                                                                      │
│                                                                                                                      │
│                                                                                                                      │
│                                                                                                                      │
│                                                                                                                      │
│                                                                                                                      │
└ j/k scroll · z zoom · q/Esc/Enter close ─────────────────────────────────────────────────────────────────────────────┘
[d] brainstorm  [e]dit  [L] move  [x] archive  [h] projects  [Enter] detail  [c]opy  [a] select all  [n]ew  [E]pic  [D]
