---
source: src/tui/tests/snapshots.rs
expression: rendered
---
[Default]   Tasks  │  ▸ My Feed  │  Another Feed                                             manual dispatch [U]  🔕  [N]
        ▸ backlog 0 [ ]                 ◦ running 0                   ◦ review 0                     ◦ done 0
╭ My Feed ─────────────────────────────────────────────────────────────────────────────────────────────────────────────╮
│──────────────────────────────│──────────────────────────│──────────────────────────────│─────────────────────────────│
│                              │                          │                              │                             │
│                              │                          │                              │                             │
│                              │                          │                              │                             │
│                              │                          │                              │                             │
│                              │                          │                              │                             │
│                              │                          │                              │                             │
│                              │                          │                              │                             │
│                              │                          │                              │                             │
│                              │                          │                              │                             │
│                              │                          │                              │                             │
│                              │                          │                              │                             │
│                              │                          │                              │                             │
│                              │                          │                              │                             │
│                              │                          │                              │                             │
│                              │                          │                              │                             │
│                              │                          │                              │                             │
│                              │                          │                              │                             │
│                              │                          │                              │                             │
│                              │                          │                              │                             │
│                              │                          │                              │                             │
│                              │                          │                              │                             │
│                              │                          │                              │                             │
│                              │                          │                              │                             │
│                              │                          │                              │                             │
│                              │                          │                              │                             │
│                              │                          │                              │                             │
╰──────────────────────────────────────────────────────────────────────────────────────────────────────────────────────╯
────────────────────────────────────────────────────────────────────────────────────────────────────────────────────────







[a] select all  [n]ew  [E]pic  [D] quick  [S]plit  [F]lat  [f]ilter  [?] help  [q] projects
