---
source: src/tui/tests/snapshots.rs
expression: rendered
---
[Default]   ▸ Tasks                                                                                               🔕  [N]
        ▸ backlog 2 [ ]                 ◦ running 1                   ◦ review 0                     ◦ done 1
──────────────────────────────│───────────────────────────│──────────────────────────────│──────────────────────────────
──────────────────────────────│  ── active                │                              │──────────────────────────────
  ▌ #1 Task 1                 │───────────────────────────│                              │  ▎ #4 Task 4
   ◦ <1h                      │  ▎ #3 Task 3              │                              │   ✓ <1h
──────────────────────────────│   ◉ running               │                              │──────────────────────────────
  ▎ #2 Task 2                 │───────────────────────────│                              │
   ◦ <1h                      │                           │                              │
──────────────────────────────│                           │                              │
                              │                           │                              │
                              │                           │                              │
                              │                           │                              │
                              │                           │                              │
                              │                           │                              │
                              │                           │                              │
                              │                           │                              │
                              │                           │                              │
                              │                           │                              │
                              │                           │                              │
                              │                           │                              │
                              │                           │                              │
                              │                           │                              │
                              │                           │                              │
                              │                           │                              │
                              │                           │                              │
                              │                           │                              │
                              │                           │                              │
                              │                           │                              │
                              │                           │                              │
                              │                           │                              │
┌ Quick Dispatch ──────────────────────────────────────────────────────────────────────────────────────────────────────┐
│  Quick Dispatch — select repo:                                                                                       │
│                                                                                                                      │
│  ► /repo/alpha                                                                                                       │
│    /repo/beta                                                                                                        │
│                                                                                                                      │
│  [j/k] navigate · [Enter] select · [1-9] shortcut · [Esc] cancel                                                     │
└──────────────────────────────────────────────────────────────────────────────────────────────────────────────────────┘
Quick dispatch: select repo path
