---
source: src/tui/tests/snapshots.rs
expression: rendered
---
                                                                                                                  🔕  [N]
        ▸ BACKLOG 2 [ ]                ◦ RUNNING 1                   ◦ REVIEW 0                      ◦ DONE 1
──────────────────────────────│───────────────────────────│──────────────────────────────│──────────────────────────────
 ╭──────────────────────────╮ │  ── active                │                              │ ╭──────────────────────────╮
 │  ▎ #1 Task 1         ╔ Help — j/Down/k/Up scroll, ? or Esc close ═══════════════════════════╗#4 Task 4             │
 │   ◦ <1h              ║  == board.normal ==                                                  ║ <1h                  │
 ╰──────────────────────║  h, Left, l, Right                                                   ║──────────────────────╯
 ╭──────────────────────║    Move to the previous column (h, Left) or the next column (l,      ║
 │  ▎ #2 Task 2         ║    Right)                                                            ║
 │   ◦ <1h              ║  j, Down, k, Up                                                      ║
 ╰──────────────────────║    Move to the next card (j, Down) or the previous card (k, Up) in   ║
                        ║    the column                                                        ║
                        ║  [, gg                                                               ║
                        ║    Jump to the first row of the column                               ║
                        ║  ], G                                                                ║
                        ║    Jump to the last row of the column                                ║
                        ║    note: Last row of the column; does not enter an epic, use Space   ║
                        ║  Esc                                                                 ║
                        ║    Clear the active search query                                     ║
                        ║    (with a search active)                                            ║
                        ║  q                                                                   ║
                        ║    Leave the epic view and return to the board                       ║
                        ║    (inside an epic view)                                             ║
                        ║  Esc                                                                 ║
                        ║    Leave the epic view and return to the board                       ║
                        ║    (inside an epic view, no search active)                           ║
                        ║  q                                                                   ║
                        ║    Quit dispatch                                                     ║
                        ║    (on the top-level board)                                          ║
                        ║  Esc                                                                 ║
                        ║    Clear the current selection                                       ║
                        ║    (on the top-level board, no search active, with cards selected or ║
                        ║    the cursor on a select-all row)                                   ║
                        ║  Enter                                                               ║
                        ║    Toggle select-all for the column                                  ║
                        ╚══════════════════════════════════════════════════════════════════════╝
                              │                           │                              │
                              │                           │                              │
                              │                           │                              │
[?] or [Esc] to close help
