---
source: src/tui/tests/snapshots.rs
expression: rendered
---
                                                                                                                  🔕  [N]
          ◦ backlog 2                 ▸ running 3 [ ]                 ◦ review 0                     ◦ done 0
──────────────────────────────│───────────────────────────│──────────────────────────────│──────────────────────────────
──────────────────────────────│  ── needs input           │                              │
  ▎ #10 Epic Alpha            │── Epic Alpha ──────────── │                              │
    ●2 unplanned              │  ▌ #1 Task 1              │                              │
──────────────────────────────│   ◉ blocked               │                              │
  ▎ #20 Epic Beta             │                           │                              │
    ●1 unplanned              │  ── active                │                              │
──────────────────────────────│── Epic Alpha ──────────── │                              │
                              │  ▎ #3 Task 3              │                              │
                              │   ◉ running               │                              │
                              │── Epic Beta ───────────── │                              │
                              │  ▎ #2 Task 2              │                              │
                              │   ◉ running               │                              │
                              │───────────────────────────│                              │
                              │                           │                              │
                              │                           │                              │
                              │                           │                              │
                              │                           │                              │
                              │                           │                              │
                              │                           │                              │
                              │                           │                              │
                              │                           │                              │
                              │                           │                              │
                              │                           │                              │
                              │                           │                              │
                              │                           │                              │
                              │                           │                              │
                              │                           │                              │
                              │                           │                              │
────────────────────────────────────────────────────────────────────────────────────────────────────────────────────────







[flat] [e]dit  [L] move  [H] back  [x] archive  [Enter] detail  [c]opy  [a] select all  [n]ew  [E]pic  [D] quick  [s]pli
