---
source: src/tui/tests/snapshots.rs
expression: "format!(\"{:#?}\", buffer)"
---
Buffer {
    area: Rect { x: 0, y: 0, width: 120, height: 40 },
    content: [
        "                                                                                                                  🔕 [N]", // hidden by multi-width symbols: [(115, " ")]
        "        ▸ backlog 4 [ ]                 ◦ running 1                   ◦ review 0                     ◦ done 1           ",
        "──────────────────────────────╭ Move task: "Task 1" ─────────────────────────────────────╮──────────────────────────────",
        "──────────────────────────────│  — no parent —                                           │──────────────────────────────",
        "  ▌ #1 Task 1                 │  Epic 10                                                 │  ▎ #4 Task 4                 ",
        "   ◦ <1h                      │  Epic 20                                                 │   ✓ <1h                      ",
        "──────────────────────────────│                                                          │──────────────────────────────",
        "  ▎ #2 Task 2                 │                                                          │                              ",
        "   ◦ <1h                      │                                                          │                              ",
        "──────────────────────────────│                                                          │                              ",
        "  ▎ #10 Epic 10               │                                                          │                              ",
        "    no subtasks               │                                                          │                              ",
        "──────────────────────────────│                                                          │                              ",
        "  ▎ #20 Epic 20               │                                                          │                              ",
        "    no subtasks               │                                                          │                              ",
        "──────────────────────────────│                                                          │                              ",
        "                              │                                                          │                              ",
        "                              │                                                          │                              ",
        "                              │                                                          │                              ",
        "                              │                                                          │                              ",
        "                              │                                                          │                              ",
        "                              │                                                          │                              ",
        "                              │                                                          │                              ",
        "                              │                                                          │                              ",
        "                              │                                                          │                              ",
        "                              │                                                          │                              ",
        "                              │                                                          │                              ",
        "                              │                                                          │                              ",
        "                              │                                                          │                              ",
        "                              │                                                          │                              ",
        "                              │                                                          │                              ",
        "──────────────────────────────│                                                          │──────────────────────────────",
        "                              │                                                          │                              ",
        "                              │                                                          │                              ",
        "                              │                                                          │                              ",
        "                              │                                                          │                              ",
        "                              │ j/k:navigate  l/Space/→:expand  h/←:collapse  Enter:selec│                              ",
        "                              ╰──────────────────────────────────────────────────────────╯                              ",
        "                                                                                                                        ",
        "Select target epic: navigate tree above, Enter to select                                                                ",
    ],
    styles: [
        x: 0, y: 0, fg: Reset, bg: Reset, underline: Reset, modifier: NONE,
        x: 114, y: 0, fg: Rgb(86, 95, 137), bg: Reset, underline: Reset, modifier: NONE,
        x: 115, y: 0, fg: Reset, bg: Reset, underline: Reset, modifier: NONE,
        x: 116, y: 0, fg: Rgb(86, 95, 137), bg: Reset, underline: Reset, modifier: NONE,
        x: 0, y: 1, fg: Reset, bg: Reset, underline: Reset, modifier: NONE,
        x: 8, y: 1, fg: Rgb(122, 162, 247), bg: Reset, underline: Reset, modifier: BOLD | UNDERLINED,
        x: 19, y: 1, fg: Rgb(86, 95, 137), bg: Reset, underline: Reset, modifier: NONE,
        x: 23, y: 1, fg: Reset, bg: Reset, underline: Reset, modifier: NONE,
        x: 40, y: 1, fg: Rgb(86, 95, 137), bg: Reset, underline: Reset, modifier: NONE,
        x: 51, y: 1, fg: Reset, bg: Reset, underline: Reset, modifier: NONE,
        x: 70, y: 1, fg: Rgb(86, 95, 137), bg: Reset, underline: Reset, modifier: NONE,
        x: 80, y: 1, fg: Reset, bg: Reset, underline: Reset, modifier: NONE,
        x: 101, y: 1, fg: Rgb(86, 95, 137), bg: Reset, underline: Reset, modifier: NONE,
        x: 109, y: 1, fg: Reset, bg: Reset, underline: Reset, modifier: NONE,
        x: 0, y: 2, fg: Rgb(122, 162, 247), bg: Rgb(28, 30, 44), underline: Reset, modifier: NONE,
        x: 30, y: 2, fg: Magenta, bg: Reset, underline: Reset, modifier: NONE,
        x: 31, y: 2, fg: Magenta, bg: Reset, underline: Reset, modifier: BOLD,
        x: 52, y: 2, fg: Magenta, bg: Reset, underline: Reset, modifier: NONE,
        x: 90, y: 2, fg: Rgb(86, 95, 137), bg: Reset, underline: Reset, modifier: NONE,
        x: 0, y: 3, fg: Rgb(122, 162, 247), bg: Rgb(34, 38, 66), underline: Reset, modifier: BOLD,
        x: 30, y: 3, fg: Magenta, bg: Reset, underline: Reset, modifier: NONE,
        x: 31, y: 3, fg: Reset, bg: Reset, underline: Reset, modifier: NONE,
        x: 89, y: 3, fg: Magenta, bg: Reset, underline: Reset, modifier: NONE,
        x: 90, y: 3, fg: Rgb(86, 95, 137), bg: Reset, underline: Reset, modifier: NONE,
        x: 0, y: 4, fg: Rgb(192, 202, 245), bg: Rgb(34, 38, 66), underline: Reset, modifier: BOLD,
        x: 2, y: 4, fg: Rgb(122, 162, 247), bg: Rgb(34, 38, 66), underline: Reset, modifier: BOLD,
        x: 3, y: 4, fg: Rgb(86, 95, 137), bg: Rgb(34, 38, 66), underline: Reset, modifier: BOLD,
        x: 7, y: 4, fg: Rgb(192, 202, 245), bg: Rgb(34, 38, 66), underline: Reset, modifier: BOLD,
        x: 30, y: 4, fg: Magenta, bg: Reset, underline: Reset, modifier: NONE,
        x: 31, y: 4, fg: Reset, bg: Reset, underline: Reset, modifier: NONE,
        x: 89, y: 4, fg: Magenta, bg: Reset, underline: Reset, modifier: NONE,
        x: 90, y: 4, fg: Reset, bg: Reset, underline: Reset, modifier: NONE,
        x: 92, y: 4, fg: Rgb(158, 206, 106), bg: Reset, underline: Reset, modifier: NONE,
        x: 93, y: 4, fg: Rgb(86, 95, 137), bg: Reset, underline: Reset, modifier: NONE,
        x: 97, y: 4, fg: Reset, bg: Reset, underline: Reset, modifier: NONE,
        x: 0, y: 5, fg: Rgb(192, 202, 245), bg: Rgb(34, 38, 66), underline: Reset, modifier: BOLD,
        x: 3, y: 5, fg: Green, bg: Rgb(34, 38, 66), underline: Reset, modifier: BOLD,
        x: 8, y: 5, fg: Rgb(192, 202, 245), bg: Rgb(34, 38, 66), underline: Reset, modifier: BOLD,
        x: 30, y: 5, fg: Magenta, bg: Reset, underline: Reset, modifier: NONE,
        x: 31, y: 5, fg: Reset, bg: Reset, underline: Reset, modifier: NONE,
        x: 89, y: 5, fg: Magenta, bg: Reset, underline: Reset, modifier: NONE,
        x: 90, y: 5, fg: Reset, bg: Reset, underline: Reset, modifier: NONE,
        x: 93, y: 5, fg: Green, bg: Reset, underline: Reset, modifier: NONE,
        x: 98, y: 5, fg: Reset, bg: Reset, underline: Reset, modifier: NONE,
        x: 0, y: 6, fg: Rgb(86, 95, 137), bg: Rgb(28, 30, 44), underline: Reset, modifier: NONE,
        x: 30, y: 6, fg: Magenta, bg: Reset, underline: Reset, modifier: NONE,
        x: 31, y: 6, fg: Reset, bg: Reset, underline: Reset, modifier: NONE,
        x: 89, y: 6, fg: Magenta, bg: Reset, underline: Reset, modifier: NONE,
        x: 90, y: 6, fg: Rgb(86, 95, 137), bg: Reset, underline: Reset, modifier: NONE,
        x: 0, y: 7, fg: Reset, bg: Rgb(28, 30, 44), underline: Reset, modifier: NONE,
        x: 2, y: 7, fg: Rgb(122, 162, 247), bg: Rgb(28, 30, 44), underline: Reset, modifier: NONE,
        x: 3, y: 7, fg: Rgb(86, 95, 137), bg: Rgb(28, 30, 44), underline: Reset, modifier: NONE,
        x: 7, y: 7, fg: Reset, bg: Rgb(28, 30, 44), underline: Reset, modifier: NONE,
        x: 30, y: 7, fg: Magenta, bg: Reset, underline: Reset, modifier: NONE,
        x: 31, y: 7, fg: Reset, bg: Reset, underline: Reset, modifier: NONE,
        x: 89, y: 7, fg: Magenta, bg: Reset, underline: Reset, modifier: NONE,
        x: 90, y: 7, fg: Reset, bg: Reset, underline: Reset, modifier: NONE,
        x: 0, y: 8, fg: Reset, bg: Rgb(28, 30, 44), underline: Reset, modifier: NONE,
        x: 3, y: 8, fg: Green, bg: Rgb(28, 30, 44), underline: Reset, modifier: NONE,
        x: 8, y: 8, fg: Reset, bg: Rgb(28, 30, 44), underline: Reset, modifier: NONE,
        x: 30, y: 8, fg: Magenta, bg: Reset, underline: Reset, modifier: NONE,
        x: 31, y: 8, fg: Reset, bg: Reset, underline: Reset, modifier: NONE,
        x: 89, y: 8, fg: Magenta, bg: Reset, underline: Reset, modifier: NONE,
        x: 90, y: 8, fg: Reset, bg: Reset, underline: Reset, modifier: NONE,
        x: 0, y: 9, fg: Rgb(86, 95, 137), bg: Rgb(28, 30, 44), underline: Reset, modifier: NONE,
        x: 30, y: 9, fg: Magenta, bg: Reset, underline: Reset, modifier: NONE,
        x: 31, y: 9, fg: Reset, bg: Reset, underline: Reset, modifier: NONE,
        x: 89, y: 9, fg: Magenta, bg: Reset, underline: Reset, modifier: NONE,
        x: 90, y: 9, fg: Reset, bg: Reset, underline: Reset, modifier: NONE,
        x: 0, y: 10, fg: Reset, bg: Rgb(28, 30, 44), underline: Reset, modifier: NONE,
        x: 2, y: 10, fg: Rgb(187, 154, 247), bg: Rgb(28, 30, 44), underline: Reset, modifier: NONE,
        x: 3, y: 10, fg: Rgb(86, 95, 137), bg: Rgb(28, 30, 44), underline: Reset, modifier: NONE,
        x: 8, y: 10, fg: Rgb(187, 154, 247), bg: Rgb(28, 30, 44), underline: Reset, modifier: BOLD,
        x: 15, y: 10, fg: Reset, bg: Rgb(28, 30, 44), underline: Reset, modifier: NONE,
        x: 30, y: 10, fg: Magenta, bg: Reset, underline: Reset, modifier: NONE,
        x: 31, y: 10, fg: Reset, bg: Reset, underline: Reset, modifier: NONE,
        x: 89, y: 10, fg: Magenta, bg: Reset, underline: Reset, modifier: NONE,
        x: 90, y: 10, fg: Reset, bg: Reset, underline: Reset, modifier: NONE,
        x: 0, y: 11, fg: Reset, bg: Rgb(28, 30, 44), underline: Reset, modifier: NONE,
        x: 4, y: 11, fg: Rgb(86, 95, 137), bg: Rgb(28, 30, 44), underline: Reset, modifier: NONE,
        x: 15, y: 11, fg: Reset, bg: Rgb(28, 30, 44), underline: Reset, modifier: NONE,
        x: 30, y: 11, fg: Magenta, bg: Reset, underline: Reset, modifier: NONE,
        x: 31, y: 11, fg: Reset, bg: Reset, underline: Reset, modifier: NONE,
        x: 89, y: 11, fg: Magenta, bg: Reset, underline: Reset, modifier: NONE,
        x: 90, y: 11, fg: Reset, bg: Reset, underline: Reset, modifier: NONE,
        x: 0, y: 12, fg: Rgb(86, 95, 137), bg: Rgb(28, 30, 44), underline: Reset, modifier: NONE,
        x: 30, y: 12, fg: Magenta, bg: Reset, underline: Reset, modifier: NONE,
        x: 31, y: 12, fg: Reset, bg: Reset, underline: Reset, modifier: NONE,
        x: 89, y: 12, fg: Magenta, bg: Reset, underline: Reset, modifier: NONE,
        x: 90, y: 12, fg: Reset, bg: Reset, underline: Reset, modifier: NONE,
        x: 0, y: 13, fg: Reset, bg: Rgb(28, 30, 44), underline: Reset, modifier: NONE,
        x: 2, y: 13, fg: Rgb(187, 154, 247), bg: Rgb(28, 30, 44), underline: Reset, modifier: NONE,
        x: 3, y: 13, fg: Rgb(86, 95, 137), bg: Rgb(28, 30, 44), underline: Reset, modifier: NONE,
        x: 8, y: 13, fg: Rgb(187, 154, 247), bg: Rgb(28, 30, 44), underline: Reset, modifier: BOLD,
        x: 15, y: 13, fg: Reset, bg: Rgb(28, 30, 44), underline: Reset, modifier: NONE,
        x: 30, y: 13, fg: Magenta, bg: Reset, underline: Reset, modifier: NONE,
        x: 31, y: 13, fg: Reset, bg: Reset, underline: Reset, modifier: NONE,
        x: 89, y: 13, fg: Magenta, bg: Reset, underline: Reset, modifier: NONE,
        x: 90, y: 13, fg: Reset, bg: Reset, underline: Reset, modifier: NONE,
        x: 0, y: 14, fg: Reset, bg: Rgb(28, 30, 44), underline: Reset, modifier: NONE,
        x: 4, y: 14, fg: Rgb(86, 95, 137), bg: Rgb(28, 30, 44), underline: Reset, modifier: NONE,
        x: 15, y: 14, fg: Reset, bg: Rgb(28, 30, 44), underline: Reset, modifier: NONE,
        x: 30, y: 14, fg: Magenta, bg: Reset, underline: Reset, modifier: NONE,
        x: 31, y: 14, fg: Reset, bg: Reset, underline: Reset, modifier: NONE,
        x: 89, y: 14, fg: Magenta, bg: Reset, underline: Reset, modifier: NONE,
        x: 90, y: 14, fg: Reset, bg: Reset, underline: Reset, modifier: NONE,
        x: 0, y: 15, fg: Rgb(86, 95, 137), bg: Rgb(28, 30, 44), underline: Reset, modifier: NONE,
        x: 30, y: 15, fg: Magenta, bg: Reset, underline: Reset, modifier: NONE,
        x: 31, y: 15, fg: Reset, bg: Reset, underline: Reset, modifier: NONE,
        x: 89, y: 15, fg: Magenta, bg: Reset, underline: Reset, modifier: NONE,
        x: 90, y: 15, fg: Reset, bg: Reset, underline: Reset, modifier: NONE,
        x: 0, y: 16, fg: Reset, bg: Rgb(28, 30, 44), underline: Reset, modifier: NONE,
        x: 30, y: 16, fg: Magenta, bg: Reset, underline: Reset, modifier: NONE,
        x: 31, y: 16, fg: Reset, bg: Reset, underline: Reset, modifier: NONE,
        x: 89, y: 16, fg: Magenta, bg: Reset, underline: Reset, modifier: NONE,
        x: 90, y: 16, fg: Reset, bg: Reset, underline: Reset, modifier: NONE,
        x: 0, y: 17, fg: Reset, bg: Rgb(28, 30, 44), underline: Reset, modifier: NONE,
        x: 30, y: 17, fg: Magenta, bg: Reset, underline: Reset, modifier: NONE,
        x: 31, y: 17, fg: Reset, bg: Reset, underline: Reset, modifier: NONE,
        x: 89, y: 17, fg: Magenta, bg: Reset, underline: Reset, modifier: NONE,
        x: 90, y: 17, fg: Reset, bg: Reset, underline: Reset, modifier: NONE,
        x: 0, y: 18, fg: Reset, bg: Rgb(28, 30, 44), underline: Reset, modifier: NONE,
        x: 30, y: 18, fg: Magenta, bg: Reset, underline: Reset, modifier: NONE,
        x: 31, y: 18, fg: Reset, bg: Reset, underline: Reset, modifier: NONE,
        x: 89, y: 18, fg: Magenta, bg: Reset, underline: Reset, modifier: NONE,
        x: 90, y: 18, fg: Reset, bg: Reset, underline: Reset, modifier: NONE,
        x: 0, y: 19, fg: Reset, bg: Rgb(28, 30, 44), underline: Reset, modifier: NONE,
        x: 30, y: 19, fg: Magenta, bg: Reset, underline: Reset, modifier: NONE,
        x: 31, y: 19, fg: Reset, bg: Reset, underline: Reset, modifier: NONE,
        x: 89, y: 19, fg: Magenta, bg: Reset, underline: Reset, modifier: NONE,
        x: 90, y: 19, fg: Reset, bg: Reset, underline: Reset, modifier: NONE,
        x: 0, y: 20, fg: Reset, bg: Rgb(28, 30, 44), underline: Reset, modifier: NONE,
        x: 30, y: 20, fg: Magenta, bg: Reset, underline: Reset, modifier: NONE,
        x: 31, y: 20, fg: Reset, bg: Reset, underline: Reset, modifier: NONE,
        x: 89, y: 20, fg: Magenta, bg: Reset, underline: Reset, modifier: NONE,
        x: 90, y: 20, fg: Reset, bg: Reset, underline: Reset, modifier: NONE,
        x: 0, y: 21, fg: Reset, bg: Rgb(28, 30, 44), underline: Reset, modifier: NONE,
        x: 30, y: 21, fg: Magenta, bg: Reset, underline: Reset, modifier: NONE,
        x: 31, y: 21, fg: Reset, bg: Reset, underline: Reset, modifier: NONE,
        x: 89, y: 21, fg: Magenta, bg: Reset, underline: Reset, modifier: NONE,
        x: 90, y: 21, fg: Reset, bg: Reset, underline: Reset, modifier: NONE,
        x: 0, y: 22, fg: Reset, bg: Rgb(28, 30, 44), underline: Reset, modifier: NONE,
        x: 30, y: 22, fg: Magenta, bg: Reset, underline: Reset, modifier: NONE,
        x: 31, y: 22, fg: Reset, bg: Reset, underline: Reset, modifier: NONE,
        x: 89, y: 22, fg: Magenta, bg: Reset, underline: Reset, modifier: NONE,
        x: 90, y: 22, fg: Reset, bg: Reset, underline: Reset, modifier: NONE,
        x: 0, y: 23, fg: Reset, bg: Rgb(28, 30, 44), underline: Reset, modifier: NONE,
        x: 30, y: 23, fg: Magenta, bg: Reset, underline: Reset, modifier: NONE,
        x: 31, y: 23, fg: Reset, bg: Reset, underline: Reset, modifier: NONE,
        x: 89, y: 23, fg: Magenta, bg: Reset, underline: Reset, modifier: NONE,
        x: 90, y: 23, fg: Reset, bg: Reset, underline: Reset, modifier: NONE,
        x: 0, y: 24, fg: Reset, bg: Rgb(28, 30, 44), underline: Reset, modifier: NONE,
        x: 30, y: 24, fg: Magenta, bg: Reset, underline: Reset, modifier: NONE,
        x: 31, y: 24, fg: Reset, bg: Reset, underline: Reset, modifier: NONE,
        x: 89, y: 24, fg: Magenta, bg: Reset, underline: Reset, modifier: NONE,
        x: 90, y: 24, fg: Reset, bg: Reset, underline: Reset, modifier: NONE,
        x: 0, y: 25, fg: Reset, bg: Rgb(28, 30, 44), underline: Reset, modifier: NONE,
        x: 30, y: 25, fg: Magenta, bg: Reset, underline: Reset, modifier: NONE,
        x: 31, y: 25, fg: Reset, bg: Reset, underline: Reset, modifier: NONE,
        x: 89, y: 25, fg: Magenta, bg: Reset, underline: Reset, modifier: NONE,
        x: 90, y: 25, fg: Reset, bg: Reset, underline: Reset, modifier: NONE,
        x: 0, y: 26, fg: Reset, bg: Rgb(28, 30, 44), underline: Reset, modifier: NONE,
        x: 30, y: 26, fg: Magenta, bg: Reset, underline: Reset, modifier: NONE,
        x: 31, y: 26, fg: Reset, bg: Reset, underline: Reset, modifier: NONE,
        x: 89, y: 26, fg: Magenta, bg: Reset, underline: Reset, modifier: NONE,
        x: 90, y: 26, fg: Reset, bg: Reset, underline: Reset, modifier: NONE,
        x: 0, y: 27, fg: Reset, bg: Rgb(28, 30, 44), underline: Reset, modifier: NONE,
        x: 30, y: 27, fg: Magenta, bg: Reset, underline: Reset, modifier: NONE,
        x: 31, y: 27, fg: Reset, bg: Reset, underline: Reset, modifier: NONE,
        x: 89, y: 27, fg: Magenta, bg: Reset, underline: Reset, modifier: NONE,
        x: 90, y: 27, fg: Reset, bg: Reset, underline: Reset, modifier: NONE,
        x: 0, y: 28, fg: Reset, bg: Rgb(28, 30, 44), underline: Reset, modifier: NONE,
        x: 30, y: 28, fg: Magenta, bg: Reset, underline: Reset, modifier: NONE,
        x: 31, y: 28, fg: Reset, bg: Reset, underline: Reset, modifier: NONE,
        x: 89, y: 28, fg: Magenta, bg: Reset, underline: Reset, modifier: NONE,
        x: 90, y: 28, fg: Reset, bg: Reset, underline: Reset, modifier: NONE,
        x: 0, y: 29, fg: Reset, bg: Rgb(28, 30, 44), underline: Reset, modifier: NONE,
        x: 30, y: 29, fg: Magenta, bg: Reset, underline: Reset, modifier: NONE,
        x: 31, y: 29, fg: Reset, bg: Reset, underline: Reset, modifier: NONE,
        x: 89, y: 29, fg: Magenta, bg: Reset, underline: Reset, modifier: NONE,
        x: 90, y: 29, fg: Reset, bg: Reset, underline: Reset, modifier: NONE,
        x: 0, y: 30, fg: Reset, bg: Rgb(28, 30, 44), underline: Reset, modifier: NONE,
        x: 30, y: 30, fg: Magenta, bg: Reset, underline: Reset, modifier: NONE,
        x: 31, y: 30, fg: Reset, bg: Reset, underline: Reset, modifier: NONE,
        x: 89, y: 30, fg: Magenta, bg: Reset, underline: Reset, modifier: NONE,
        x: 90, y: 30, fg: Reset, bg: Reset, underline: Reset, modifier: NONE,
        x: 0, y: 31, fg: Rgb(41, 46, 66), bg: Reset, underline: Reset, modifier: NONE,
        x: 30, y: 31, fg: Magenta, bg: Reset, underline: Reset, modifier: NONE,
        x: 31, y: 31, fg: Reset, bg: Reset, underline: Reset, modifier: NONE,
        x: 89, y: 31, fg: Magenta, bg: Reset, underline: Reset, modifier: NONE,
        x: 90, y: 31, fg: Rgb(41, 46, 66), bg: Reset, underline: Reset, modifier: NONE,
        x: 0, y: 32, fg: Reset, bg: Reset, underline: Reset, modifier: NONE,
        x: 30, y: 32, fg: Magenta, bg: Reset, underline: Reset, modifier: NONE,
        x: 31, y: 32, fg: Reset, bg: Reset, underline: Reset, modifier: NONE,
        x: 89, y: 32, fg: Magenta, bg: Reset, underline: Reset, modifier: NONE,
        x: 90, y: 32, fg: Reset, bg: Reset, underline: Reset, modifier: NONE,
        x: 30, y: 33, fg: Magenta, bg: Reset, underline: Reset, modifier: NONE,
        x: 31, y: 33, fg: Reset, bg: Reset, underline: Reset, modifier: NONE,
        x: 89, y: 33, fg: Magenta, bg: Reset, underline: Reset, modifier: NONE,
        x: 90, y: 33, fg: Reset, bg: Reset, underline: Reset, modifier: NONE,
        x: 30, y: 34, fg: Magenta, bg: Reset, underline: Reset, modifier: NONE,
        x: 31, y: 34, fg: Reset, bg: Reset, underline: Reset, modifier: NONE,
        x: 89, y: 34, fg: Magenta, bg: Reset, underline: Reset, modifier: NONE,
        x: 90, y: 34, fg: Reset, bg: Reset, underline: Reset, modifier: NONE,
        x: 30, y: 35, fg: Magenta, bg: Reset, underline: Reset, modifier: NONE,
        x: 31, y: 35, fg: Reset, bg: Reset, underline: Reset, modifier: NONE,
        x: 89, y: 35, fg: Magenta, bg: Reset, underline: Reset, modifier: NONE,
        x: 90, y: 35, fg: Reset, bg: Reset, underline: Reset, modifier: NONE,
        x: 30, y: 36, fg: Magenta, bg: Reset, underline: Reset, modifier: NONE,
        x: 31, y: 36, fg: DarkGray, bg: Reset, underline: Reset, modifier: NONE,
        x: 89, y: 36, fg: Magenta, bg: Reset, underline: Reset, modifier: NONE,
        x: 90, y: 36, fg: Reset, bg: Reset, underline: Reset, modifier: NONE,
        x: 30, y: 37, fg: Magenta, bg: Reset, underline: Reset, modifier: NONE,
        x: 90, y: 37, fg: Reset, bg: Reset, underline: Reset, modifier: NONE,
        x: 0, y: 39, fg: Magenta, bg: Reset, underline: Reset, modifier: NONE,
    ]
}
