---
source: src/tui/tests/snapshots.rs
expression: rendered
---
                                                                               manual dispatch [U]  group:on [R]  🔕  [N]
        ▸ backlog 0 [ ]                 ◦ running 0                   ◦ review 0                     ◦ done 0
╭ My Feature ──────────────────────────────────────────────────────────────────────────────────────────────────────────╮
│──────────────────────────────│──────────────────────────│──────────────────────────────│─────────────────────────────│
│                              │                          │                              │                             │
│                              │                          │                              │                             │
│                              │                          │                              │                             │
│                              │                          │                              │                             │
│                              │                          │                              │                             │
│                              │                          │                              │                             │
│                              │                          │                              │                             │
│                              │                          │                              │                             │
│                              │                          │                              │                             │
│                              │                          │                              │                             │
│                              │                          │                              │                             │
│                              │                          │                              │                             │
│                              │                          │                              │                             │
│                              │                          │                              │                             │
│                              │                          │                              │                             │
│                              │                          │                              │                             │
│                              │                          │                              │                             │
│                              │                          │                              │                             │
│                              │                          │                              │                             │
│                              │                          │                              │                             │
│                              │                          │                              │                             │
│                              │                          │                              │                             │
│                              │                          │                              │                             │
│                              │                          │                              │                             │
│                              │                          │                              │                             │
│                              │                          │                              │                             │
╰──────────────────────────────────────────────────────────────────────────────────────────────────────────────────────╯
────────────────────────────────────────────────────────────────────────────────────────────────────────────────────────







[a] select all  [n]ew  [E]pic  [D] quick  [s]plit  [F]lat  [f]ilter  [/] search  [I] learnings  [P] todo  [t] add  [?] h
