---
source: src/tui/tests/snapshots.rs
expression: rendered
---
                                                                                                                  🔕  [N]
        ▸ backlog 2 [ ]                 ◦ running 0                   ◦ review 0                     ◦ done 0
──────────────────────────────│───────────────────────────│──────────────────────────────│──────────────────────────────
── My Feature ─────────────── │                           │                              │
  ▌ #1 Task 1                 │                           │                              │
   ◦ <1h                      │                           │                              │
──────────────────────────────│                           │                              │
  ▎ #2 Task 2                 │                           │                              │
   ◦ <1h                      │                           │                              │
──────────────────────────────│                           │                              │
                              │                           │                              │
                              │                           │                              │
                              │                           │                              │
                              │                           │                              │
                              │                           │                              │
                              │                           │                              │
                              │                           │                              │
                              │                           │                              │
                              │                           │                              │
                              │                           │                              │
                              │                           │                              │
                              │                           │                              │
                              │                           │                              │
                              │                           │                              │
                              │                           │                              │
                              │                           │                              │
                              │                           │                              │
                              │                           │                              │
                              │                           │                              │
                              │                           │                              │
                              │                           │                              │
────────────────────────────────────────────────────────────────────────────────────────────────────────────────────────







[flat] [d] brainstorm  [e]dit  [L] move  [x] archive  [Enter] detail  [c]opy  [a] select all  [n]ew  [E]pic  [D] quick
