---
source: src/tui/tests/snapshots.rs
expression: rendered
---
[Default]   ▸ Tasks                                                                                               🔕  [N]
        ▸ backlog 4 [ ]                 ◦ running 4                   ◦ review 3                     ◦ done 1
──────────────────────────────│───────────────────────────│──────────────────────────────│──────────────────────────────
──────────────────────────────│  ── crashed               │  ── changes requested        │──────────────────────────────
  ▌ #1 bug task               │───────────────────────────│──────────────────────────────│  ▎ #12 merged
   ◦ <1h [bug]                │  ▎ #8 crashed             │  ▎ #10 changes requested     │   ✔ PR #45 merged
──────────────────────────────│   ○ detached              │   ● PR #43                   │──────────────────────────────
  ▎ #2 feature task           │                           │                              │
   ◦ <1h [feat]               │  ── stale                 │  ── awaiting review          │
──────────────────────────────│───────────────────────────│──────────────────────────────│
  ▎ #3 chore task             │  ▎ #6 stale               │  ▎ #9 awaiting review        │
   ◦ <1h [chore]              │   ◉ stale · 0m            │   ● PR #42                   │
──────────────────────────────│                           │                              │
  ▎ #4 fix task               │  ── needs input           │  ── approved                 │
   ◦ <1h [fix]                │───────────────────────────│──────────────────────────────│
──────────────────────────────│  ▎ #7 needs input         │  ▎ #11 approved              │
                              │   ◉ blocked               │   ● PR #44                   │
                              │                           │──────────────────────────────│
                              │  ── active                │                              │
                              │───────────────────────────│                              │
                              │  ▎ #5 active              │                              │
                              │   ◉ running               │                              │
                              │───────────────────────────│                              │
                              │                           │                              │
                              │                           │                              │
                              │                           │                              │
                              │                           │                              │
                              │                           │                              │
                              │                           │                              │
                              │                           │                              │
                              │                           │                              │
────────────────────────────────────────────────────────────────────────────────────────────────────────────────────────







[d] brainstorm  [e]dit  [L] move  [x] archive  [h] projects  [Enter] detail  [c]opy  [a] select all  [n]ew  [E]pic  [D]
