---
source: src/dispatch/prompts_snapshots.rs
expression: prompt
---
You are working interactively with the user.

Task:
  ID: 42
  Title: Quick task
  Description: 

This is a quick-dispatched task with a placeholder title. Start by asking the user what they want to achieve. Once you understand the goal, call `update_task` with a descriptive `title` (and optionally `description`) to rename the task on the kanban board.

Then write a focused plan before making any changes:

Use /brainstorming to design the solution, then save the plan to docs/plans/ and call update_task to attach it.

Always use TDD: express intended behaviour as tests first, then implement the minimum code to make them pass.

The Allium specs in `docs/specs/` are the source of truth for domain logic. Consult them before changing core behaviour. If your implementation changes domain behaviour, update the spec using the `allium:tend` skill and verify alignment with `allium:weed`.

The dispatch MCP tools are available — use them to query and update this task (get_task, update_task).

Knowledge base: when anything is unclear, call `query_learnings` to check the knowledge base before guessing or asking. When you act on a surfaced learning, call `rate_learning` (`helped` or `wrong`); use `/learnings` to record useful findings. Use `delete_learning` to remove stale or incorrect entries by ID.

When your work is done — attaching a plan, creating work packages, or finishing implementation — use the /wrap-up skill to commit any remaining changes and finalise the task.
