---
source: src/agent_tree/tests/render.rs
expression: out
---
┌ dispatch ──────────────────────────────────────┐
│▶ src +52 -10                                   │
│                                                │
│                                                │
│                                                │
│                                                │
│                                                │
│                                                │
│                                                │
│                                                │
│                                                │
└────────────────────────────────────────────────┘
