---
source: src/cli/agent_tree.rs
expression: rendered
---
┌ dispatch ──────────────────────────────────────┐
│                                                │
│                                                │
│                                                │
│                                                │
│                                                │
│                                                │
│                                                │
│                                                │
└────────────────────────────────────────────────┘
