---
source: src/agent_tree/tests/render.rs
expression: out
---
┌ task ────────────────────────────────────────────────────┐
│    a.rs [Modified] +2 -1                                 │
│                                                          │
│                                                          │
│                                                          │
│                                                          │
│                                                          │
└──────────────────────────────────────────────────────────┘
