---
source: src/cli/agent_tree.rs
expression: rendered
---
┌ dispatch ──────────────────────────────────────┐
│    a.rs [Added]                                │
│    z.rs [Modified]                             │
│▼ src                                           │
│      lib.rs [Modified]                         │
│                                                │
│                                                │
│                                                │
│                                                │
│                                                │
│                                                │
└ could not split the diff pane ─────────────────┘
