---
source: src/cli/agent_tree/tests.rs
expression: out
---
┌ dispatch ──────────────────────────────────────┐
│▶ src +52 -10                                   │
│                                                │
│                                                │
│                                                │
│                                                │
│                                                │
│                                                │
│                                                │
│                                                │
│                                                │
└────────────────────────────────────────────────┘
