---
source: src/cli/agent_tree/tests.rs
expression: out
---
┌ task ────────────────────────────────────────────────────┐
│    a.rs [Modified] +2 -1                                 │
│                                                          │
│                                                          │
│                                                          │
│                                                          │
│                                                          │
└──────────────────────────────────────────────────────────┘
