---
source: src/cli/agent_tree.rs
expression: rendered
---
┌ dispatch ──────────────────────────────────────┐
│    README.md [Deleted]                         │
│▼ src                                           │
│      lib.rs [Modified]                         │
│      new.rs [Added]                            │
│                                                │
│                                                │
│                                                │
│                                                │
│                                                │
│                                                │
└────────────────────────────────────────────────┘
